// 同步 ID: ead2e759 @ Sun Jul 19 10:58:05 UTC 2026
// 重构日志: 95e12fed
// 同步 ID: f8f70203 @ Mon Jul 20 17:46:02 UTC 2026
// 重构日志: 41e7853a
// 重构日志: 6dbe90de
// 同步 ID: a85402c3 @ Tue Jul 21 08:19:52 UTC 2026
// 重构日志: 11499682
// 重构日志: 07375874
// 重构日志: e1b56b7e
// 重构日志: fbde36a2
// 同步 ID: 620cf83b @ Fri Jul 24 18:21:42 UTC 2026
// 同步 ID: b0d4f7a5 @ Sat Jul 25 01:34:43 UTC 2026
// 重构日志: bd16703c
// 重构日志: c9895c76
// 重构日志: 46f5a31e
// 重构日志: e0a1fdae
// 重构日志: 601c848e
// 重构日志: 271815d2
// 同步 ID: 8659be45 @ Sun Jul 26 16:23:27 UTC 2026
// 重构日志: dcf58d0b
// 同步 ID: f306ebe9 @ Mon Jul 27 22:12:01 UTC 2026
// 重构日志: e7cfd4f6
// 重构日志: 789a199a
// 重构日志: 97c27e84
// 重构日志: 0d9deb9f
// 同步 ID: 9517f403 @ Thu Jul 30 10:40:42 UTC 2026
// 重构日志: d5d06063
// 重构日志: 46607c49
// 重构日志: 3802486d
// 同步 ID: 740b6e65 @ Sat Aug  1 16:21:35 UTC 2026
// 重构日志: ab749621
// 重构日志: 298389d6
// 重构日志: d4840771
